---> npm start

---> npm run build

dist/index.html               3.93 KB    239ms
dist/favicon.76dd299c.png     8.25 KB     97ms
dist/logo.8a7af738.png       57.71 KB    308ms
dist/icons.c14567a0.svg       8.81 KB    259ms
dist/index.bdce5148.css       9.89 KB    139ms
dist/index.0e8b6270.js       33.74 KB    399ms

---> git init

---> git repo
git: 'repo' is not a git command. See 'git --help'.

The most similar commands are
        grep
        reflog
        remote
        repack
---> git status

On branch master

No commits yet

Untracked files:
  (use "git add <file>..." to include in what will be committed)
        .gitignore
        .prettierrc
        forkify-architecture-recipe-loading.png
        forkify-flowchart-part-1.png
        forkify-flowchart-part-2.png
        forkify-flowchart-part-3.png
        git_by_jonas.txt
        index.html
        package-lock.json
        package.json
        src/

---> git add -A

---> git status
On branch master

No commits yet

Changes to be committed:
  (use "git rm --cached <file>..." to unstage)
        new file:   .gitignore
        new file:   .prettierrc
        new file:   forkify-architecture-recipe-loading.png
        new file:   forkify-flowchart-part-1.png
        new file:   forkify-flowchart-part-2.png
        new file:   forkify-flowchart-part-3.png
        new file:   git_by_jonas.txt
        new file:   index.html
        new file:   package-lock.json
        new file:   package.json
        new file:   src/img/favicon.png
        new file:   src/img/icons.svg
        new file:   src/img/logo.png
        new file:   src/js/config.js
        new file:   src/js/controller.js
        new file:   src/js/helpers.js
        new file:   src/js/model.js
        new file:   src/js/views/View.js
        new file:   src/js/views/addRecipeView.js
        new file:   src/js/views/bookmarksView.js
        new file:   src/js/views/paginationView.js
        new file:   src/js/views/previewView.js
        new file:   src/js/views/recipeView.js
        new file:   src/js/views/resultsView.js
        new file:   src/js/views/searchView.js
        new file:   src/sass/_base.scss
        new file:   src/sass/_components.scss
        new file:   src/sass/_header.scss
        new file:   src/sass/_preview.scss
        new file:   src/sass/_recipe.scss
        new file:   src/sass/_searchResults.scss
        new file:   src/sass/_upload.scss
        new file:   src/sass/main.scss

Changes not staged for commit:
  (use "git add <file>..." to update what will be committed)
  (use "git restore <file>..." to discard changes in working directory)
        modified:   src/js/model.js

---> git add -A

---> git commit -m 'Initial commit'
[master (root-commit) 32a7831] Initial commit
 33 files changed, 6550 insertions(+)
 create mode 100644 .gitignore
 create mode 100644 .prettierrc
 create mode 100644 forkify-architecture-recipe-loading.png
 create mode 100644 forkify-flowchart-part-1.png
 create mode 100644 forkify-flowchart-part-2.png
 create mode 100644 forkify-flowchart-part-3.png
 create mode 100644 git_by_jonas.txt
 create mode 100755 index.html
 create mode 100644 package-lock.json
 create mode 100644 package.json
 create mode 100644 src/img/favicon.png
 create mode 100644 src/img/icons.svg
 create mode 100644 src/img/logo.png
 create mode 100644 src/js/config.js
 create mode 100644 src/js/controller.js
 create mode 100644 src/js/helpers.js
 create mode 100644 src/js/model.js
 create mode 100644 src/js/views/View.js
 create mode 100644 src/js/views/addRecipeView.js
 create mode 100644 src/js/views/bookmarksView.js
 create mode 100644 src/js/views/paginationView.js
 create mode 100644 src/js/views/previewView.js
 create mode 100644 src/js/views/recipeView.js
 create mode 100644 src/js/views/resultsView.js
 create mode 100644 src/js/views/searchView.js
 create mode 100644 src/sass/_base.scss
 create mode 100644 src/sass/_components.scss
 create mode 100644 src/sass/_header.scss
 create mode 100644 src/sass/_preview.scss
 create mode 100644 src/sass/_recipe.scss
 create mode 100644 src/sass/_searchResults.scss
 create mode 100644 src/sass/_upload.scss
 create mode 100644 src/sass/main.scss

---> git status                    
On branch master
nothing to commit, working tree clean

---> git status
On branch master
Changes not staged for commit:
  (use "git add <file>..." to update what will be committed)
  (use "git restore <file>..." to discard changes in working directory)
        modified:   git_by_jonas.txt

no changes added to commit (use "git add" and/or "git commit -a")

---> git add -A                    

---> git commit -m 'Initial commit'
[master 37759f3] Initial commit
 1 file changed, 150 insertions(+), 1 deletion(-)

---> git status                    
On branch master
nothing to commit, working tree clean

---> git log
commit 37759f337eab75e408f1045f6552499a3d1c58e5 (HEAD -> master)
Author: Abhi1845 <ap.abhishek1811@gmail.com>
Date:   Mon Aug 1 11:25:07 2022 +0530

    Initial commit

commit 32a7831c655326b85462289ea6052b529516e287
Author: Abhi1845 <ap.abhishek1811@gmail.com>
Date:   Mon Aug 1 11:23:38 2022 +0530

    Initial commit
---> git branch new-feature

---> git checkout new-feature
Switched to branch 'new-feature'

---> git add -A

---> git commit -m 'Added new feature to branch'
[new-feature 7fd3c78] Added new feature to branch
 1 file changed, 5 insertions(+)

---> git branch
  master
* new-feature

---> git checkout

---> git checkout master
Switched to branch 'master'

---> git merge new-feature
Updating 37759f3..7fd3c78
Fast-forward
 src/js/controller.js | 5 +++++
 1 file changed, 5 insertions(+)

---> git status
On branch master
nothing to commit, working tree clean

---> git remote add origin https://github.com/Abhi1845/recipe-maker-forkify.git

---> git branch        
* master
  new-feature

---> git push origin master
Enumerating objects: 48, done.
Counting objects: 100% (48/48), done.
Delta compression using up to 8 threads
Compressing objects: 100% (47/47), done.
Writing objects: 100% (48/48), 2.11 MiB | 1.89 MiB/s, done.
Total 48 (delta 5), reused 0 (delta 0), pack-reused 0
remote: Resolving deltas: 100% (5/5), done.
To https://github.com/Abhi1845/recipe-maker-forkify.git
 * [new branch]      master -> master

